C:\Users\kiit\Documents\sample-spring-microservices-master\customer-service\src\main\java\pl\piomin\microservices\customer\intercomm\AccountClient.java
C:\Users\kiit\Documents\sample-spring-microservices-master\customer-service\src\main\java\pl\piomin\microservices\customer\exceptions\CustomerNotFoundException.java
C:\Users\kiit\Documents\sample-spring-microservices-master\customer-service\src\main\java\pl\piomin\microservices\customer\Application.java
C:\Users\kiit\Documents\sample-spring-microservices-master\customer-service\src\main\java\pl\piomin\microservices\customer\model\Account.java
C:\Users\kiit\Documents\sample-spring-microservices-master\customer-service\src\main\java\pl\piomin\microservices\customer\model\Customer.java
C:\Users\kiit\Documents\sample-spring-microservices-master\customer-service\src\main\java\pl\piomin\microservices\customer\model\CustomerType.java
C:\Users\kiit\Documents\sample-spring-microservices-master\customer-service\src\main\java\pl\piomin\microservices\customer\api\Api.java
C:\Users\kiit\Documents\sample-spring-microservices-master\customer-service\src\main\java\pl\piomin\microservices\customer\CustomerConfiguration.java
